// Jest Snapshot v1, https://goo.gl/fbAQLP

exports[`renders Register page 1`] = `
<div
  className="NewDevice"
>
  <a
    className="goback"
    href="devices"
    onClick={[Function]}
  >
    <svg
      color="#458bf8"
      height={10}
      transform="rotate(90)"
      viewBox="0 0 14 10"
      width={14}
      xmlnsXlink="http://www.w3.org/1999/xlink"
    >
      <defs>
        <path
          d="M13.7 1.7l-6 6c-.2.2-.4.3-.7.3-.3 0-.5-.1-.7-.3l-6-6C-.1 1.3-.1.7.3.3c.4-.4 1-.4 1.4 0L7 5.6 12.3.3c.4-.4 1-.4 1.4 0 .4.4.4 1 0 1.4z"
          id="chevron-svg"
        />
      </defs>
      <use
        fill="currentColor"
        fillRule="nonzero"
        xlinkHref="#chevron-svg"
      />
    </svg>
    <h3>
      Go back to the devices list
    </h3>
  </a>
  <div
    className="container"
  >
    <div
      className="QRCode"
      style={
        Object {
          "backgroundImage": "url(undefined)",
        }
      }
    />
    <p
      className="link"
    />
    <p>
      Scan your QR Code on the devices you want to sync with
    </p>
    <p
      style={
        Object {
          "color": "var(--main-highlight-color)",
        }
      }
    >
      OR
    </p>
    <p>
      Receive a link by email
    </p>
    <button
      className="Button secondary"
      onClick={undefined}
    >
      Send link by email
    </button>
  </div>
</div>
`;
