// Jest Snapshot v1, https://goo.gl/fbAQLP

exports[`renders Register page 1`] = `
<div
  className="Register"
>
  <a
    className="goback"
    href="login"
    onClick={[Function]}
  >
    <svg
      color="#458bf8"
      height={10}
      transform="rotate(90)"
      viewBox="0 0 14 10"
      width={14}
      xmlnsXlink="http://www.w3.org/1999/xlink"
    >
      <defs>
        <path
          d="M13.7 1.7l-6 6c-.2.2-.4.3-.7.3-.3 0-.5-.1-.7-.3l-6-6C-.1 1.3-.1.7.3.3c.4-.4 1-.4 1.4 0L7 5.6 12.3.3c.4-.4 1-.4 1.4 0 .4.4.4 1 0 1.4z"
          id="chevron-svg"
        />
      </defs>
      <use
        fill="currentColor"
        fillRule="nonzero"
        xlinkHref="#chevron-svg"
      />
    </svg>
    <h3>
      Go back to the users list
    </h3>
  </a>
  <h1>
    New User
  </h1>
  <div
    className="container"
  >
    <div>
      <input
        accept=".jpg, .jpeg, .png"
        name="avatar"
        onChange={[Function]}
        style={
          Object {
            "display": "none",
          }
        }
        type="file"
      />
      <svg
        className="Avatar upload"
        color="var(--grey-200)"
        height={120}
        onClick={[Function]}
        style={
          Object {
            "backgroundImage": "url(null)",
          }
        }
        viewBox="0 0 120 120"
        width={120}
      >
        <g
          fill="none"
          fillRule="evenodd"
        >
          <rect
            height={118}
            opacity={0.5}
            rx={10}
            stroke="#999"
            strokeWidth={2}
            width={118}
            x={1}
            y={1}
          />
          <path
            d="M77.2 46.6h-6.533l-3.174-4.853C67.12 41.373 66.56 41 66 41H54.8c-.56 0-1.12.373-1.493.747L50.133 46.6H43.6c-3.173 0-5.6 2.427-5.6 5.6v20.533c0 3.174 2.427 5.6 5.6 5.6h33.6c3.173 0 5.6-2.426 5.6-5.6V52.2c0-3.173-2.427-5.6-5.6-5.6zm1.867 26.133c0 1.12-.747 1.867-1.867 1.867H43.6c-1.12 0-1.867-.747-1.867-1.867V52.2c0-1.12.747-1.867 1.867-1.867h7.467c.56 0 1.12-.373 1.493-.746l3.173-4.854h9.147l3.173 4.854c.56.373 1.12.746 1.68.746H77.2c1.12 0 1.867.747 1.867 1.867zM60.4 52.2c-5.227 0-9.333 4.107-9.333 9.333 0 5.227 4.106 9.334 9.333 9.334s9.333-4.107 9.333-9.334c0-5.226-4.106-9.333-9.333-9.333zm0 14.933c-3.173 0-5.6-2.426-5.6-5.6 0-3.173 2.427-5.6 5.6-5.6s5.6 2.427 5.6 5.6c0 3.174-2.427 5.6-5.6 5.6z"
            fill="#ccc"
            fillRule="nonzero"
          />
        </g>
      </svg>
    </div>
    <div
      className="TextInput"
    >
      <input
        defaultValue={undefined}
        onChange={[Function]}
        type="text"
      />
      <label>
        Last Name
      </label>
    </div>
    <div
      className="TextInput"
    >
      <input
        defaultValue={undefined}
        onChange={[Function]}
        type="text"
      />
      <label>
        First Name
      </label>
    </div>
    <div
      className="TextInput"
    >
      <input
        defaultValue={undefined}
        onChange={[Function]}
        type="text"
      />
      <label>
        Username (displayed)
      </label>
    </div>
    <div
      id="separator"
      style={
        Object {
          "marginTop": "16px",
        }
      }
    />
    <button
      className="Button primary"
      onClick={[Function]}
    >
      Confirm
    </button>
  </div>
</div>
`;
